make[1]: Entering directory 'C:/Amiga/Programming/iTidy/iTidy'
Compiling [build/amiga/main_gui.o] from src/main_gui.c
vc +aos68k -c99 -cpu=68020 -g -Iinclude -Isrc -DPLATFORM_AMIGA=1 -D__AMIGA__ -DDEBUG -c src/main_gui.c -o build/amiga/main_gui.o
>    UBYTE ic_HoverSlugishness : 
warning 51 in line 49 of "prefs\icontrol.h": bitfield type non-portable
	included from file "src\Settings\IControlPrefs.h":15
	included from file "src\main_gui.c":51
>    UBYTE ic_HoverFlags : 
warning 51 in line 50 of "prefs\icontrol.h": bitfield type non-portable
	included from file "src\Settings\IControlPrefs.h":15
	included from file "src\main_gui.c":51
>    struct TagItem ie_Tags[0]
warning 61 in line 94 of "prefs\icontrol.h": array of size <=0 (set to 1)
	included from file "src\Settings\IControlPrefs.h":15
	included from file "src\main_gui.c":51
>#include "main.h"
error 248 in line 5 of "Settings\WorkbenchPrefs.h": file 'main.h' not found
	included from file "src\main_gui.c":52
1 error found!
vbccm68k -quiet "src\main_gui.c" -o= "C:\Users\kwezz\AppData\Local\Temp\vbcc068c.asm" -c99 -cpu=68020 -g -Iinclude -Isrc -DPLATFORM_AMIGA=1 -D__AMIGA__ -DDEBUG -hunkdebug -amiga-softfloat  -O=1 -I"%VBCC%"/targets/m68k-amigaos/include failed
make[1]: *** [Makefile:157: build/amiga/main_gui.o] Error 1
make[1]: Leaving directory 'C:/Amiga/Programming/iTidy/iTidy'
make: *** [Makefile:127: amiga] Error 2
